eid,loss_type,rlzi,value
0,structural,0,8.51288E+02
0,structural_ins,0,4.50000E+02
1,structural,0,3.28829E+02
2,structural,0,4.09643E+02
2,structural_ins,0,5.96426E+01
3,structural,0,3.74689E+02
3,structural_ins,0,2.46888E+01
4,structural,0,3.42458E+02
5,structural,0,2.52500E+02
6,structural,0,4.81053E+02
6,structural_ins,0,1.31053E+02
7,structural,0,1.98583E+02
8,structural,0,5.79551E+02
8,structural_ins,0,2.29551E+02
9,structural,0,5.03661E+02
9,structural_ins,0,1.53661E+02
