source_id,source_name,poe
2,"area",1.9980594e-02
4,"complex fault",1.9758101e-05
1,"point",1.0641793e-07
