source_id,source_name,poe
2,"area",9.6453348e-02
4,"complex fault",3.7445241e-03
1,"point",1.8430286e-04
3,"simple fault",2.8799242e-05
