source_id,source_name,poe
2,"area",9.6192169e-02
4,"complex fault",4.0449939e-03
1,"point",1.9840291e-04
3,"simple fault",6.3852499e-05
