# smlt_path=b1,gsimlt_path=b1,imt=PGA,investigation_time=50.0,lon=10.099999999999994,lat=40.1,poe=0.1000000,iml=3.0050818e-01
Mag,poe
5.50000E+00,5.58044E-02
6.50000E+00,3.22960E-02
7.50000E+00,1.03525E-02
