source_id,source_name,poe
2,"area",1.9972014e-02
4,"complex fault",2.8184684e-05
1,"point",1.1793145e-06
